MPASM  5.05                         MPLAB.ASM   7-30-2018  12:13:48         PAGE  1


LOC  OBJECT CODE     LINE SOURCE TEXT
  VALUE

                      00001 #include p12f675.inc
                      00001         LIST
                      00002 ; P12F675.INC  Standard Header File, Version 1.04    Microchip Technology, Inc.
                      00284         LIST
                      00002 
  00000020            00003 CNT1 equ 0x20
  00000021            00004 CNT2 equ 0x21
                      00005 
0000                  00006 rst     org     0x00
                      00007 
0000   2820           00008         goto    start
                      00009 
0004                  00010 int     org     0x04
0004   0009           00011         retfie
                      00012   
0020                  00013 start org 0x20
                      00014         ;hardware settings
0020   1683           00015     banksel ANSEL
0021   3000           00016         movlw 00h 
Message[302]: Register in operand not in bank 0.  Ensure that bank bits are correct.
0022   009F           00017         movwf ANSEL
                      00018 
0023   1283           00019         banksel ADCON0
0024   3000           00020         movlw 00h 
0025   009F           00021         movwf ADCON0
                      00022 
0026   1283           00023         banksel CMCON
0027   3007           00024         movlw 07h 
0028   0099           00025         movwf CMCON
                      00026 
0029   1683           00027         banksel VRCON
002A   3000           00028         movlw 00h 
Message[302]: Register in operand not in bank 0.  Ensure that bank bits are correct.
002B   0099           00029         movwf VRCON    
                      00030 
002C   1683           00031         banksel TRISIO
002D   3001           00032         movlw 01h ;set GPIO<0> as input, all others as ouptut
Message[302]: Register in operand not in bank 0.  Ensure that bank bits are correct.
002E   0085           00033         movwf TRISIO
                      00034 
002F   1283           00035         banksel GPIO
0030   0185           00036         clrf GPIO
                      00037 
0031                  00038 begin   
0031   1283           00039         banksel  GPIO
0032   1805           00040         BTFSC GPIO, 00h ;if it is not a front signal return
0033   2831           00041         goto begin
                      00042         
0034   1283           00043         banksel GPIO
0035   1485           00044         BSF GPIO, 01h
                      00045 
0036   3002           00046         MOVLW 0x02
0037   00A0           00047         movwf CNT1
MPASM  5.05                         MPLAB.ASM   7-30-2018  12:13:48         PAGE  2


LOC  OBJECT CODE     LINE SOURCE TEXT
  VALUE

                      00048 
0038                  00049 first_counter
0038   0BA0           00050         DECFSZ CNT1, 1
0039   283B           00051         GOTO second_counter
003A   2840           00052         GOTO end_of_pulse    
                      00053 
003B                  00054 second_counter
003B   3040           00055         MOVLW 0x40
003C   00A1           00056         movwf CNT2
003D   0BA1           00057         DECFSZ CNT2, 1
003E   283D           00058         GOTO $ - 1
003F   2838           00059         GOTO first_counter
                      00060 
0040                  00061 end_of_pulse
0040   1085           00062         BCF GPIO, 01h
                      00063 
                      00064         ;pause
0041   3096           00065         MOVLW 0x96
0042   00A0           00066         movwf CNT1
                      00067 
0043                  00068 pause_first_counter
0043   0BA0           00069         DECFSZ CNT1, 1
0044   2846           00070         GOTO pause_second_counter
0045   2831           00071         GOTO begin
                      00072 
0046                  00073 pause_second_counter
0046   30FF           00074         MOVLW 0xFF
0047   00A1           00075         movwf CNT2
0048   0BA1           00076         DECFSZ CNT2, 1
0049   2848           00077         GOTO $ - 1
004A   2843           00078         GOTO pause_first_counter
                      00079 
004B   2831           00080         goto begin
                      00081         end
MPASM  5.05                         MPLAB.ASM   7-30-2018  12:13:48         PAGE  3


SYMBOL TABLE
  LABEL                             VALUE 

ADCON0                            0000001F
ADCS0                             00000004
ADCS1                             00000005
ADCS2                             00000006
ADFM                              00000007
ADIE                              00000006
ADIF                              00000006
ADON                              00000000
ADRESH                            0000001E
ADRESL                            0000009E
ANS0                              00000000
ANS1                              00000001
ANS2                              00000002
ANS3                              00000003
ANSEL                             0000009F
C                                 00000000
CAL0                              00000002
CAL1                              00000003
CAL2                              00000004
CAL3                              00000005
CAL4                              00000006
CAL5                              00000007
CHS0                              00000002
CHS1                              00000003
CINV                              00000004
CIS                               00000003
CM0                               00000000
CM1                               00000001
CM2                               00000002
CMCON                             00000019
CMIE                              00000003
CMIF                              00000003
CNT1                              00000020
CNT2                              00000021
COUT                              00000006
DC                                00000001
EEADR                             0000009B
EECON1                            0000009C
EECON2                            0000009D
EEDAT                             0000009A
EEDATA                            0000009A
EEIE                              00000007
EEIF                              00000007
F                                 00000001
FSR                               00000004
GIE                               00000007
GO                                00000001
GO_DONE                           00000001
GP0                               00000000
GP1                               00000001
GP2                               00000002
GP3                               00000003
GP4                               00000004
MPASM  5.05                         MPLAB.ASM   7-30-2018  12:13:48         PAGE  4


SYMBOL TABLE
  LABEL                             VALUE 

GP5                               00000005
GPIE                              00000003
GPIF                              00000000
GPIO                              00000005
GPIO0                             00000000
GPIO1                             00000001
GPIO2                             00000002
GPIO3                             00000003
GPIO4                             00000004
GPIO5                             00000005
INDF                              00000000
INTCON                            0000000B
INTE                              00000004
INTEDG                            00000006
INTF                              00000001
IOC                               00000096
IOC0                              00000000
IOC1                              00000001
IOC2                              00000002
IOC3                              00000003
IOC4                              00000004
IOC5                              00000005
IOCB                              00000096
IOCB0                             00000000
IOCB1                             00000001
IOCB2                             00000002
IOCB3                             00000003
IOCB4                             00000004
IOCB5                             00000005
IRP                               00000007
NOT_BOD                           00000000
NOT_DONE                          00000001
NOT_GPPU                          00000007
NOT_PD                            00000003
NOT_POR                           00000001
NOT_T1SYNC                        00000002
NOT_TO                            00000004
OPTION_REG                        00000081
OSCCAL                            00000090
PCL                               00000002
PCLATH                            0000000A
PCON                              0000008E
PEIE                              00000006
PIE1                              0000008C
PIR1                              0000000C
PS0                               00000000
PS1                               00000001
PS2                               00000002
PSA                               00000003
RD                                00000000
RP0                               00000005
RP1                               00000006
STATUS                            00000003
MPASM  5.05                         MPLAB.ASM   7-30-2018  12:13:48         PAGE  5


SYMBOL TABLE
  LABEL                             VALUE 

T0CS                              00000005
T0IE                              00000005
T0IF                              00000002
T0SE                              00000004
T1CKPS0                           00000004
T1CKPS1                           00000005
T1CON                             00000010
T1IE                              00000000
T1IF                              00000000
T1OSCEN                           00000003
TMR0                              00000001
TMR1CS                            00000001
TMR1GE                            00000006
TMR1H                             0000000F
TMR1IE                            00000000
TMR1IF                            00000000
TMR1L                             0000000E
TMR1ON                            00000000
TRISIO                            00000085
VCFG                              00000006
VR0                               00000000
VR1                               00000001
VR2                               00000002
VR3                               00000003
VRCON                             00000099
VREN                              00000007
VRR                               00000005
W                                 00000000
WPU                               00000095
WR                                00000001
WREN                              00000002
WRERR                             00000003
Z                                 00000002
_BODEN_OFF                        00003FBF
_BODEN_ON                         00003FFF
_CPD_OFF                          00003FFF
_CPD_ON                           00003EFF
_CP_OFF                           00003FFF
_CP_ON                            00003F7F
_EC_OSC                           00003FFB
_EXTRC_OSC_CLKOUT                 00003FFF
_EXTRC_OSC_NOCLKOUT               00003FFE
_HS_OSC                           00003FFA
_INTRC_OSC_CLKOUT                 00003FFD
_INTRC_OSC_NOCLKOUT               00003FFC
_LP_OSC                           00003FF8
_MCLRE_OFF                        00003FDF
_MCLRE_ON                         00003FFF
_PWRTE_OFF                        00003FFF
_PWRTE_ON                         00003FEF
_WDT_OFF                          00003FF7
_WDT_ON                           00003FFF
_XT_OSC                           00003FF9
MPASM  5.05                         MPLAB.ASM   7-30-2018  12:13:48         PAGE  6


SYMBOL TABLE
  LABEL                             VALUE 

__12F675                          00000001
begin                             00000031
end_of_pulse                      00000040
first_counter                     00000038
int                               00000004
pause_first_counter               00000043
pause_second_counter              00000046
rst                               00000000
second_counter                    0000003B
start                             00000020


MEMORY USAGE MAP ('X' = Used,  '-' = Unused)

0000 : X---X----------- ---------------- XXXXXXXXXXXXXXXX XXXXXXXXXXXXXXXX
0040 : XXXXXXXXXXXX---- ---------------- ---------------- ----------------

All other memory blocks unused.

Program Memory Words Used:    46
Program Memory Words Free:   978


Errors   :     0
Warnings :     0 reported,     0 suppressed
Messages :     3 reported,     0 suppressed

